// Jest Snapshot v1, https://goo.gl/fbAQLP

exports[`StepContent should match the snapshot 1`] = `
<body>
  <div>
    <div
      class="MuiStepContent-root oxygen-step-content css-kdy6ax-MuiStepContent-root"
    />
  </div>
</body>
`;
