// Jest Snapshot v1, https://goo.gl/fbAQLP

exports[`ActionCard should match the snapshot 1`] = `
<body>
  <div>
    <div
      class="MuiPaper-root MuiPaper-outlined MuiPaper-rounded MuiCard-root oxygen-card oxygen-action-card css-1e3jyt5-MuiPaper-root-MuiCard-root"
    >
      <div
        class="MuiCardContent-root oxygen-card-content css-46bh2p-MuiCardContent-root"
      >
        <img
          alt="action card"
          src="assets/images/action-card-image.svg"
        />
        <h6
          class="MuiTypography-root MuiTypography-subtitle1 oxygen-typography css-n2qzog-MuiTypography-root"
        >
          Secure your account by adding an extra layer of security
        </h6>
        <p
          class="MuiTypography-root MuiTypography-body2 oxygen-typography css-xq9ne1-MuiTypography-root"
        >
          Configure additional authentications to sign in easily or to add an extra layer of security to your account.
        </p>
      </div>
      <div
        class="MuiCardActions-root MuiCardActions-spacing oxygen-card-actions css-1t6e9jv-MuiCardActions-root"
      >
        <button
          class="MuiButtonBase-root MuiButton-root MuiLoadingButton-root MuiButton-contained MuiButton-containedPrimary MuiButton-sizeMedium MuiButton-containedSizeMedium MuiButton-disableElevation MuiButton-root MuiLoadingButton-root MuiButton-contained MuiButton-containedPrimary MuiButton-sizeMedium MuiButton-containedSizeMedium MuiButton-disableElevation oxygen-button css-1w4rwqf-MuiButtonBase-root-MuiButton-root-MuiLoadingButton-root"
          id=":r1:"
          tabindex="0"
          type="button"
        >
          Setup MFA
          <span
            class="MuiTouchRipple-root css-8je8zh-MuiTouchRipple-root"
          />
        </button>
      </div>
    </div>
  </div>
</body>
`;
