// Jest Snapshot v1, https://goo.gl/fbAQLP

exports[`TableBody should match the snapshot 1`] = `
<body>
  <div>
    <tbody
      class="MuiTableBody-root oxygen-table-body css-apqrd9-MuiTableBody-root"
    >
      <p>
        test TableBody
      </p>
    </tbody>
  </div>
</body>
`;
