// Jest Snapshot v1, https://goo.gl/fbAQLP

exports[`TableCell should match the snapshot 1`] = `
<body>
  <div>
    <td
      class="MuiTableCell-root MuiTableCell-sizeMedium oxygen-table-cell css-1wbjwh4-MuiTableCell-root"
    >
      <p>
        test TableCell
      </p>
    </td>
  </div>
</body>
`;
