// Jest Snapshot v1, https://goo.gl/fbAQLP

exports[`TableHead should match the snapshot 1`] = `
<body>
  <div>
    <thead
      class="MuiTableHead-root oxygen-table-head css-15wwp11-MuiTableHead-root"
    >
      <p>
        test TableHead
      </p>
    </thead>
  </div>
</body>
`;
