// Jest Snapshot v1, https://goo.gl/fbAQLP

exports[`Table should match the snapshot 1`] = `
<body>
  <div>
    <table
      class="MuiTable-root oxygen-table css-1du9rtx-MuiTable-root"
    >
      <p>
        test Table
      </p>
    </table>
  </div>
</body>
`;
