// Jest Snapshot v1, https://goo.gl/fbAQLP

exports[`TableContainer should match the snapshot 1`] = `
<body>
  <div>
    <div
      class="MuiTableContainer-root oxygen-table-container css-rorn0c-MuiTableContainer-root"
    >
      <p>
        test TableContainer
      </p>
    </div>
  </div>
</body>
`;
